// Jest Snapshot v1, https://goo.gl/fbAQLP

exports[`renders correctly 1`] = `
<header
  className="MuiPaper-root MuiAppBar-root brew-AppBar brew-AppBar--left MuiAppBar-positionFixed MuiAppBar-colorInherit mui-fixed MuiPaper-elevation4"
>
  <div
    className="MuiToolbar-root MuiToolbar-regular brew-AppBar__content MuiToolbar-gutters"
  >
    Foo
  </div>
</header>
`;
