// Jest Snapshot v1, https://goo.gl/fbAQLP

exports[`Paper renders correctly with defaults 1`] = `
<div
  className="brew-Card brew-Card--elevation-1 brew-Card--variant-elevation brew-Card--isRounded"
>
  Foo
</div>
`;

exports[`Paper renders correctly with properties 1`] = `
<span
  className="brew-Card brew-Card--elevation-2 brew-Card--variant-outlined foo-bar"
  style={
    Object {
      "width": "100px",
    }
  }
>
  Foo
</span>
`;
