// Jest Snapshot v1, https://goo.gl/fbAQLP

exports[`Renders FormSubmit component 1`] = `
<form
  noValidate={true}
  onSubmit={[Function]}
>
  <div
    className="MuiFormControl-root MuiTextField-root"
  >
    <label
      className="MuiFormLabel-root MuiInputLabel-root MuiInputLabel-formControl MuiInputLabel-animated"
      data-shrink={false}
    >
      text1
    </label>
    <div
      className="MuiInputBase-root MuiInput-root MuiInput-underline MuiInputBase-formControl MuiInput-formControl"
      onClick={[Function]}
    >
      <input
        aria-invalid={false}
        autoComplete="new"
        autoFocus={false}
        className="MuiInputBase-input MuiInput-input"
        disabled={false}
        name="text1"
        onAnimationStart={[Function]}
        onBlur={[Function]}
        onChange={[Function]}
        onFocus={[Function]}
        placeholder="text"
        required={false}
        type="text"
      />
    </div>
  </div>
  <button
    className="MuiButtonBase-root MuiButton-root MuiButton-text Button-root-6"
    disabled={false}
    onBlur={[Function]}
    onDragLeave={[Function]}
    onFocus={[Function]}
    onKeyDown={[Function]}
    onKeyUp={[Function]}
    onMouseDown={[Function]}
    onMouseLeave={[Function]}
    onMouseUp={[Function]}
    onTouchEnd={[Function]}
    onTouchMove={[Function]}
    onTouchStart={[Function]}
    tabIndex={0}
    type="submit"
  >
    <span
      className="MuiButton-label"
    >
      <div
        className="Button-content-7"
      >
        <span>
          Submit
        </span>
      </div>
    </span>
  </button>
</form>
`;
