// Jest Snapshot v1, https://goo.gl/fbAQLP

exports[`PlaceholderTitle renders correctly 1`] = `
<h1
  className="brew-Typography brew-Typography--variant-h1 brew-Typography--color-tertiary brew-Typography--align-inherit brew-Typography--display-initial brew-Typography--shouldTruncate brew-Placeholder__title"
>
  Foo
</h1>
`;
