// Jest Snapshot v1, https://goo.gl/fbAQLP

exports[`TabList Renders correctly with defaults 1`] = `
<div
  className="MuiTabs-root brew-TabList"
>
  <div
    className="MuiTabs-scrollable brew-TabList__scroller--scrollable"
    style={
      Object {
        "height": 99,
        "overflow": "scroll",
        "position": "absolute",
        "top": -9999,
        "width": 99,
      }
    }
  />
  <div
    className="MuiTabs-scroller brew-TabList__scroller MuiTabs-scrollable brew-TabList__scroller--scrollable"
    onScroll={[Function]}
    style={
      Object {
        "marginBottom": null,
        "overflow": "hidden",
      }
    }
  >
    <div
      className="MuiTabs-flexContainer brew-TabList__flexContainer"
      role="tablist"
    />
  </div>
</div>
`;
