// Jest Snapshot v1, https://goo.gl/fbAQLP

exports[`Drawer Renders correctly 1`] = `
<div
  className="brew-Drawer"
>
  <div>
    <div
      className="brew-Drawer__element brew-Drawer--anchorFrom-left"
      data-flip-config="{\\"translate\\":true,\\"scale\\":true,\\"opacity\\":true}"
      data-flip-id="wrapper"
      data-portal-key="portal"
    >
      <span
        className="brew-Drawer__exit"
        onClick={[Function]}
      >
        ×
      </span>
      <div
        className="brew-Drawer__content"
      >
        test
      </div>
    </div>
    <div
      className="brew-Drawer__mask"
      onClick={[Function]}
    />
  </div>
</div>
`;
