// Jest Snapshot v1, https://goo.gl/fbAQLP

exports[`Breadcrumb renders correctly 1`] = `
<div
  className="brew-Breadcrumb"
>
  <span
    className="brew-Typography brew-Typography--display-block brew-Typography--variant-body2"
  >
    <span
      className="brew-Typography brew-Typography--display-block brew-Typography--variant-body2"
    >
      Test
    </span>
    <span
      className="brew-Breadcrumb__separator"
    />
  </span>
</div>
`;
