// Jest Snapshot v1, https://goo.gl/fbAQLP

exports[`renders correctly 1`] = `
<div
  className="MuiSnackbar-root brew-Snackbar brew-Snackbar--primary brew-Snackbar--top-right MuiSnackbar-anchorOriginTopRight"
  onMouseEnter={[Function]}
  onMouseLeave={[Function]}
>
  <div
    className="brew-Snackbar__content"
    style={
      Object {
        "visibility": undefined,
      }
    }
  >
    <div
      className="brew-Snackbar__message"
    >
      <span
        className="MuiTypography-root brew-Typography brew-Typography--display-initial brew-Typography--variant-caption brew-Typography--align-inherit brew-Typography--color-inherit MuiTypography-caption"
      >
        foo
      </span>
    </div>
    <span
      className="brew-Snackbar__action"
      onClick={[Function]}
    >
      <span
        className="MuiTypography-root brew-Typography brew-Typography--display-initial brew-Typography--variant-caption brew-Typography--align-inherit brew-Typography--color-inherit MuiTypography-caption"
      >
        <div
          onClick={[Function]}
        >
          Close
        </div>
      </span>
    </span>
  </div>
</div>
`;
