// Jest Snapshot v1, https://goo.gl/fbAQLP

exports[`PlaceholderGraphic renders correctly 1`] = `
<p
  className="brew-Typography brew-Typography--display-block brew-Typography--variant-body1 brew-Placeholder__graphic"
>
  <i
    className="brew-Icon material-icons brew-Icon--color-inherit"
  >
    foo
  </i>
</p>
`;
