// Jest Snapshot v1, https://goo.gl/fbAQLP

exports[`Renders ButtonGroup component 1`] = `
<div
  className="MuiButtonGroup-root"
  role="group"
>
  <button
    className="MuiButtonBase-root MuiButton-root MuiButton-outlined Button-root-1 MuiButtonGroup-grouped MuiButtonGroup-groupedHorizontal MuiButtonGroup-groupedOutlined MuiButtonGroup-groupedOutlinedHorizontal MuiButtonGroup-groupedOutlined"
    disabled={false}
    onBlur={[Function]}
    onDragLeave={[Function]}
    onFocus={[Function]}
    onKeyDown={[Function]}
    onKeyUp={[Function]}
    onMouseDown={[Function]}
    onMouseLeave={[Function]}
    onMouseUp={[Function]}
    onTouchEnd={[Function]}
    onTouchMove={[Function]}
    onTouchStart={[Function]}
    tabIndex={0}
    type="button"
  >
    <span
      className="MuiButton-label"
    >
      <div
        className="Button-content-2"
      >
        <span>
          One
        </span>
      </div>
      <div
        className="Button-loader-3"
      >
        <div
          className="MuiCircularProgress-root MuiCircularProgress-colorPrimary MuiCircularProgress-indeterminate"
          role="progressbar"
          style={
            Object {
              "height": "1rem",
              "width": "1rem",
            }
          }
        >
          <svg
            className="MuiCircularProgress-svg"
            viewBox="22 22 44 44"
          >
            <circle
              className="MuiCircularProgress-circle MuiCircularProgress-circleIndeterminate"
              cx={44}
              cy={44}
              fill="none"
              r={19.5}
              strokeWidth={5}
              style={Object {}}
            />
          </svg>
        </div>
      </div>
    </span>
  </button>
  <button
    className="MuiButtonBase-root MuiButton-root MuiButton-outlined Button-root-1 MuiButtonGroup-grouped MuiButtonGroup-groupedHorizontal MuiButtonGroup-groupedOutlined MuiButtonGroup-groupedOutlinedHorizontal MuiButtonGroup-groupedOutlined"
    disabled={false}
    onBlur={[Function]}
    onDragLeave={[Function]}
    onFocus={[Function]}
    onKeyDown={[Function]}
    onKeyUp={[Function]}
    onMouseDown={[Function]}
    onMouseLeave={[Function]}
    onMouseUp={[Function]}
    onTouchEnd={[Function]}
    onTouchMove={[Function]}
    onTouchStart={[Function]}
    tabIndex={0}
    type="button"
  >
    <span
      className="MuiButton-label"
    >
      <div
        className="Button-content-2"
      >
        <span>
          Two
        </span>
      </div>
      <div
        className="Button-loader-3"
      >
        <div
          className="MuiCircularProgress-root MuiCircularProgress-colorPrimary MuiCircularProgress-indeterminate"
          role="progressbar"
          style={
            Object {
              "height": "1rem",
              "width": "1rem",
            }
          }
        >
          <svg
            className="MuiCircularProgress-svg"
            viewBox="22 22 44 44"
          >
            <circle
              className="MuiCircularProgress-circle MuiCircularProgress-circleIndeterminate"
              cx={44}
              cy={44}
              fill="none"
              r={19.5}
              strokeWidth={5}
              style={Object {}}
            />
          </svg>
        </div>
      </div>
    </span>
  </button>
  <button
    className="MuiButtonBase-root MuiButton-root MuiButton-outlined Button-root-1 MuiButtonGroup-grouped MuiButtonGroup-groupedHorizontal MuiButtonGroup-groupedOutlined MuiButtonGroup-groupedOutlinedHorizontal MuiButtonGroup-groupedOutlined"
    disabled={false}
    onBlur={[Function]}
    onDragLeave={[Function]}
    onFocus={[Function]}
    onKeyDown={[Function]}
    onKeyUp={[Function]}
    onMouseDown={[Function]}
    onMouseLeave={[Function]}
    onMouseUp={[Function]}
    onTouchEnd={[Function]}
    onTouchMove={[Function]}
    onTouchStart={[Function]}
    tabIndex={0}
    type="button"
  >
    <span
      className="MuiButton-label"
    >
      <div
        className="Button-content-2"
      >
        <span>
          Three
        </span>
      </div>
      <div
        className="Button-loader-3"
      >
        <div
          className="MuiCircularProgress-root MuiCircularProgress-colorPrimary MuiCircularProgress-indeterminate"
          role="progressbar"
          style={
            Object {
              "height": "1rem",
              "width": "1rem",
            }
          }
        >
          <svg
            className="MuiCircularProgress-svg"
            viewBox="22 22 44 44"
          >
            <circle
              className="MuiCircularProgress-circle MuiCircularProgress-circleIndeterminate"
              cx={44}
              cy={44}
              fill="none"
              r={19.5}
              strokeWidth={5}
              style={Object {}}
            />
          </svg>
        </div>
      </div>
    </span>
  </button>
</div>
`;
